// Jest Snapshot v1, https://goo.gl/fbAQLP

exports[`wraps a function in profile block 1`] = `
"
const b = () => {
	console.profile(\\"b\\");
	console.profileEnd();

	// profile
	return 42;
};

const a = () => {
	console.profile(\\"a\\");
	_babel_temp_alias = b();
	console.profileEnd();

	// profile
	return _babel_temp_alias;
};"
`;
